<html>
<body>
<pre>
<h1>µVision Build Log</h1>
<h2>Tool Versions:</h2>
IDE-Version: µVision V5.39.0.0
Copyright (C) 2023 ARM Ltd and ARM Germany GmbH. All rights reserved.
License Information: Oussama 21655, tunisia, LIC=----
 
Tool Versions:
Toolchain:       MDK-Lite  Version: 5.39.0.0
Toolchain Path:  C:\Keil_v5\ARM\ARMCLANG\Bin
C Compiler:      ArmClang.exe V6.21
Assembler:       Armasm.exe V6.21
Linker/Locator:  ArmLink.exe V6.21
Library Manager: ArmAr.exe V6.21
Hex Converter:   FromElf.exe V6.21
CPU DLL:         SARMCM3.DLL V5.39.0.0
Dialog DLL:      DCM.DLL V1.17.5.0
Target DLL:      STLink\ST-LINKIII-KEIL_SWO.dll V3.2.0.0
Dialog DLL:      TCM.DLL V1.56.4.0
 
<h2>Project:</h2>
C:\Users\21655\Desktop\Application_STM32F\GPIO.uvprojx
Project File Date:  10/16/2024

<h2>Output:</h2>
*** Using Compiler 'V6.21', folder: 'C:\Keil_v5\ARM\ARMCLANG\Bin'
Rebuild target 'GPIO_LED_12'
main.c(1): warning: invalid UTF-8 in comment [-Winvalid-utf8]
    1 | //*********************************** S<E9>rie STM32F407VG **********************************
      |                                        ^
main.c(3): warning: invalid UTF-8 in comment [-Winvalid-utf8]
    3 | // Pr<E9>nom : Oussama
      |      ^
main.c(4): warning: invalid UTF-8 in comment [-Winvalid-utf8]
    4 | // Niveau d'<E9>tude : 3<E8>me ann<E9>e ing<E9>nieur en <E9>lectronique et syst<E8>mes embarqu<E9>s <E0> l'ISIMM
      |             ^
main.c(4): warning: invalid UTF-8 in comment [-Winvalid-utf8]
    4 | // Niveau d'<E9>tude : 3<E8>me ann<E9>e ing<E9>nieur en <E9>lectronique et syst<E8>mes embarqu<E9>s <E0> l'ISIMM
      |                         ^
main.c(4): warning: invalid UTF-8 in comment [-Winvalid-utf8]
    4 | // Niveau d'<E9>tude : 3<E8>me ann<E9>e ing<E9>nieur en <E9>lectronique et syst<E8>mes embarqu<E9>s <E0> l'ISIMM
      |                                   ^
main.c(4): warning: invalid UTF-8 in comment [-Winvalid-utf8]
    4 | // Niveau d'<E9>tude : 3<E8>me ann<E9>e ing<E9>nieur en <E9>lectronique et syst<E8>mes embarqu<E9>s <E0> l'ISIMM
      |                                            ^
main.c(4): warning: invalid UTF-8 in comment [-Winvalid-utf8]
    4 | // Niveau d'<E9>tude : 3<E8>me ann<E9>e ing<E9>nieur en <E9>lectronique et syst<E8>mes embarqu<E9>s <E0> l'ISIMM
      |                                                         ^
main.c(4): warning: invalid UTF-8 in comment [-Winvalid-utf8]
    4 | // Niveau d'<E9>tude : 3<E8>me ann<E9>e ing<E9>nieur en <E9>lectronique et syst<E8>mes embarqu<E9>s <E0> l'ISIMM
      |                                                                                ^
main.c(4): warning: invalid UTF-8 in comment [-Winvalid-utf8]
    4 | // Niveau d'<E9>tude : 3<E8>me ann<E9>e ing<E9>nieur en <E9>lectronique et syst<E8>mes embarqu<E9>s <E0> l'ISIMM
      |                                                                                               ^
main.c(4): warning: invalid UTF-8 in comment [-Winvalid-utf8]
    4 | // Niveau d'<E9>tude : 3<E8>me ann<E9>e ing<E9>nieur en <E9>lectronique et syst<E8>mes embarqu<E9>s <E0> l'ISIMM
      |                                                                                                     ^
main.c(5): warning: invalid UTF-8 in comment [-Winvalid-utf8]
    5 | // ******** Application : L'objectif de mon application est de cr<E9>er une application simple
      |                                                                  ^
main.c(6): warning: invalid UTF-8 in comment [-Winvalid-utf8]
    6 | // qui permet d'allumer une LED impl<E9>ment<E9>e sur STM32F407 sans utiliser la biblioth<E8>que ni l'outil de configuration automatique
      |                                     ^
main.c(6): warning: invalid UTF-8 in comment [-Winvalid-utf8]
    6 | // qui permet d'allumer une LED impl<E9>ment<E9>e sur STM32F407 sans utiliser la biblioth<E8>que ni l'outil de configuration automatique
      |                                             ^
main.c(6): warning: invalid UTF-8 in comment [-Winvalid-utf8]
    6 | // qui permet d'allumer une LED impl<E9>ment<E9>e sur STM32F407 sans utiliser la biblioth<E8>que ni l'outil de configuration automatique
      |                                                                                          ^
main.c(7): warning: invalid UTF-8 in comment [-Winvalid-utf8]
    7 | // fourni par la soci<E9>t<E9> ST, CubeMX.
      |                      ^
main.c(7): warning: invalid UTF-8 in comment [-Winvalid-utf8]
    7 | // fourni par la soci<E9>t<E9> ST, CubeMX.
      |                           ^
main.c(8): warning: invalid UTF-8 in comment [-Winvalid-utf8]
    8 | // ******** Informations extraites <E0> partir des documents : 
      |                                    ^
main.c(12): warning: a function declaration without a prototype is deprecated in all versions of C [-Wstrict-prototypes]
   12 | void GPIOD_PIN12_Configuration();
      |                               ^
      |                                void
main.c(21): warning: 'return' will never be executed [-Wunreachable-code-return]
   21 |         return 0;
      |                ^
main.c(23): warning: a function declaration without a prototype is deprecated in all versions of C [-Wstrict-prototypes]
   23 | void GPIOD_PIN12_Configuration()
      |                               ^
      |                                void
main.c(25): warning: invalid UTF-8 in comment [-Winvalid-utf8]
   25 |   //Clock bus AHB1 est activ<E9>e offset 0x0030
      |                             ^
main.c(35): warning: no newline at end of file [-Wnewline-eof]
   35 | }
      |  ^
main.c(23): warning: no previous prototype for function 'GPIOD_PIN12_Configuration' [-Wmissing-prototypes]
   23 | void GPIOD_PIN12_Configuration()
      |      ^
main.c(12): note: this declaration is not a prototype; add 'void' to make it a prototype for a zero-parameter function
   12 | void GPIOD_PIN12_Configuration();
      |      ^                         
      |                                void
23 warnings generated.
compiling main.c...
assembling startup_stm32f407xx.s...
RTE/Device/STM32F407VGTx/system_stm32f4xx.c(263): warning: unsafe buffer access [-Wunsafe-buffer-usage]
  263 |   tmp = AHBPrescTable[((RCC->CFGR & RCC_CFGR_HPRE) >> 4)];
      |         ^~~~~~~~~~~~~
1 warning generated.
compiling system_stm32f4xx.c...
linking...
Program Size: Code=528 RO-data=408 RW-data=0 ZI-data=1632  
".\Objects\GPIO.axf" - 0 Error(s), 24 Warning(s).

<h2>Software Packages used:</h2>

Package Vendor: ARM
                https://www.keil.com/pack/ARM.CMSIS.6.0.0.pack
                ARM::CMSIS@6.0.0
                CMSIS (Common Microcontroller Software Interface Standard)
   * Component: CORE Version: 6.0.0

Package Vendor: Keil
                https://www.keil.com/pack/Keil.STM32F4xx_DFP.2.17.1.pack
                Keil::STM32F4xx_DFP@2.17.1
                STMicroelectronics STM32F4 Series Device Support, Drivers and Examples
   * Component: Startup Version: 2.6.3

<h2>Collection of Component include folders:</h2>
  ./RTE/_GPIO_LED_12
  C:/Users/21655/AppData/Local/Arm/Packs/ARM/CMSIS/6.0.0/CMSIS/Core/Include
  C:/Users/21655/AppData/Local/Arm/Packs/Keil/STM32F4xx_DFP/2.17.1/Drivers/CMSIS/Device/ST/STM32F4xx/Include

<h2>Collection of Component Files used:</h2>

   * Component: ARM::CMSIS:CORE@6.0.0

   * Component: Keil::Device:Startup@2.6.3
      Source file:   Drivers/CMSIS/Device/ST/STM32F4xx/Source/Templates/arm/startup_stm32f407xx.s
      Source file:   MDK/Device/Source/ARM/STM32F40xxx_41xxx_OPT.s
      Include file:  Drivers/CMSIS/Device/ST/STM32F4xx/Include/stm32f4xx.h
      Source file:   MDK/Device/Source/ARM/STM32F4xx_OTP.s
      Source file:   Drivers/CMSIS/Device/ST/STM32F4xx/Source/Templates/system_stm32f4xx.c
Build Time Elapsed:  00:00:00
</pre>
</body>
</html>
